// Jest Snapshot v1, https://goo.gl/fbAQLP

exports[`JSX middleware Do not render empty attribute values 1`] = `"<!DOCTYPE html><div>simple component</div>"`;

exports[`JSX middleware Handle 0 as valid child 1`] = `"<!DOCTYPE html><div>0</div>"`;

exports[`JSX middleware Handle 0 as valid child 2`] = `"<!DOCTYPE html><div>0</div>"`;

exports[`JSX middleware Handle atomic values 1`] = `"<!DOCTYPE html>only text"`;

exports[`JSX middleware Handle atomic values 2`] = `"<!DOCTYPE html>42"`;

exports[`JSX middleware Handle atomic values 3`] = `"<!DOCTYPE html>"`;

exports[`JSX middleware Handle atomic values 4`] = `"<!DOCTYPE html>"`;

exports[`JSX middleware Handle atomic values 5`] = `"<!DOCTYPE html>only text"`;

exports[`JSX middleware Handle atomic values 6`] = `"<!DOCTYPE html>42"`;

exports[`JSX middleware Handle atomic values 7`] = `"<!DOCTYPE html>"`;

exports[`JSX middleware Handle atomic values 8`] = `"<!DOCTYPE html>"`;

exports[`JSX middleware Handle empty children 1`] = `"<!DOCTYPE html><div/>"`;

exports[`JSX middleware Handle empty children 2`] = `"<!DOCTYPE html><div/>"`;

exports[`JSX middleware Handle empty children 3`] = `"<!DOCTYPE html><div/>"`;

exports[`JSX middleware Handle empty children 4`] = `"<!DOCTYPE html><div></div>"`;

exports[`JSX middleware Handle empty children 5`] = `"<!DOCTYPE html><div></div>"`;

exports[`JSX middleware Handle lists 1`] = `"<!DOCTYPE html>"`;

exports[`JSX middleware Handle lists 2`] = `"<!DOCTYPE html>42text<p key=\\"jsx\\">jsx</p>"`;

exports[`JSX middleware Handle lists 3`] = `"<!DOCTYPE html>"`;

exports[`JSX middleware Handle lists 4`] = `"<!DOCTYPE html>42text<p key=\\"jsx\\">jsx</p>"`;

exports[`JSX middleware Parallelize execution order 1`] = `"<!DOCTYPE html><div id=\\"abc\\" style=\\"color:red;padding:3\\"><h1>JSX Example</h1><p>some text</p>"`;

exports[`JSX middleware Parallelize execution order 2`] = `"<!DOCTYPE html><div id=\\"abc\\" style=\\"color:red;padding:3\\"><h1>JSX Example</h1><p>some text</p><p class=\\"SomeComponent\\"><span>123</span><div><b>A bold message</b><span>Async string</span></div></p></div>"`;

exports[`JSX middleware Render attributes 1`] = `"<!DOCTYPE html><div id=\\"test\\" style=\\"padding:3;text-align:right\\" data-testid=\\"testid\\">simple component</div>"`;

exports[`JSX middleware Render custom components with children 1`] = `"<!DOCTYPE html><div><span>Children</span></div>"`;

exports[`JSX middleware Render custom components with children 2`] = `"<!DOCTYPE html><span><b>A bold message</b></span>"`;

exports[`JSX middleware Render custom components with children 3`] = `"<!DOCTYPE html><span/>"`;

exports[`JSX middleware Render custom components with children 4`] = `"<!DOCTYPE html><span>42</span>"`;

exports[`JSX middleware Render custom components with properties 1`] = `"<!DOCTYPE html><div><span title=\\"A nice title\\">42</span></div>"`;

exports[`JSX middleware Render custom components with properties 2`] = `"<!DOCTYPE html><span title=\\"Another title\\">0</span>"`;

exports[`JSX middleware Render custom components with properties 3`] = `"<!DOCTYPE html><div><span title=\\"A nice title\\">42</span></div>"`;

exports[`JSX middleware Render custom components with properties 4`] = `"<!DOCTYPE html><span title=\\"Another title\\">0</span>"`;

exports[`JSX middleware Render custom components without properties 1`] = `"<!DOCTYPE html><div><span>custom component</span></div>"`;

exports[`JSX middleware Render custom components without properties 2`] = `"<!DOCTYPE html><span>custom component</span>"`;

exports[`JSX middleware Render custom components without properties 3`] = `"<!DOCTYPE html><div><span>async custom component</span></div>"`;

exports[`JSX middleware Render custom components without properties 4`] = `"<!DOCTYPE html><span>async custom component</span>"`;

exports[`JSX middleware Render inline JavaScript 1`] = `"<!DOCTYPE html><ul><li key=\\"a\\">a</li><li key=\\"b\\">b</li><li key=\\"c\\">c</li></ul>"`;

exports[`JSX middleware Render inline JavaScript 2`] = `"<!DOCTYPE html><ul><li key=\\"a\\">a</li><li key=\\"b\\">b</li><li key=\\"c\\">c</li></ul>"`;

exports[`JSX middleware Render multiple nested elements 1`] = `"<!DOCTYPE html><div><span>first</span>second<span><p>third</p></span>fourth</div>"`;

exports[`JSX middleware Render nested elements 1`] = `"<!DOCTYPE html><div><span>nested component</span></div>"`;

exports[`JSX middleware Render simple jsx tag 1`] = `"<!DOCTYPE html><div>simple component</div>"`;

exports[`JSX middleware Trigger and stream components eagerly 1`] = `"<!DOCTYPE html><div><div>Leaf A</div><div>"`;

exports[`JSX middleware Trigger and stream components eagerly 2`] = `"<!DOCTYPE html><div><div>Leaf A</div><div><div>Leaf B</div>"`;

exports[`JSX middleware Trigger and stream components eagerly 3`] = `"<!DOCTYPE html><div><div>Leaf A</div><div><div>Leaf B</div><div>"`;

exports[`JSX middleware Trigger and stream components eagerly 4`] = `"<!DOCTYPE html><div><div>Leaf A</div><div><div>Leaf B</div><div><div>Leaf D</div></div>"`;

exports[`JSX middleware Trigger and stream components eagerly 5`] = `"<!DOCTYPE html><div><div>Leaf A</div><div><div>Leaf B</div><div><div>Leaf D</div></div><div>Leaf E</div></div>"`;

exports[`JSX middleware Trigger and stream components eagerly 6`] = `"<!DOCTYPE html><div><div>Leaf A</div><div><div>Leaf B</div><div><div>Leaf D</div></div><div>Leaf E</div></div><div>Leaf F</div></div>"`;
