// Jest Snapshot v1, https://goo.gl/fbAQLP

exports[`Template tag Render async template tag  1`] = `"async test"`;

exports[`Template tag Render embedded async number 1`] = `"async 42"`;

exports[`Template tag Render embedded async string 1`] = `"async test"`;

exports[`Template tag Render embedded async template tag 1`] = `"another async template tag"`;

exports[`Template tag Render embedded list 1`] = `"another Hello&lt;b&gt;World&lt;/b&gt;"`;

exports[`Template tag Render embedded template tag 1`] = `"another template tag"`;

exports[`Template tag Render simple template tag 1`] = `"test"`;

exports[`Template tag Render simple template tag with number substitution 1`] = `"test42"`;

exports[`Template tag stream template tag 1`] = `""`;

exports[`Template tag stream template tag 2`] = `"another async undefined"`;
